******************************************************************************
                  TI ARM Linker PC v20.2.6                     
******************************************************************************
>> Linked Sun Apr 24 22:13:34 2022

OUTPUT FILE NAME:   <gpiointerrupt_CC3220S_LAUNCHXL_nortos_ccs.out>
ENTRY POINT SYMBOL: "resetISR"  address: 20012101


MEMORY CONFIGURATION

         name            origin    length      used     unused   attr    fill
----------------------  --------  ---------  --------  --------  ----  --------
  SRAM2                 20000000   00004000  0000130c  00002cf4  RW X
  SRAM                  20004000   0003c000  0000f602  0002c9fe  RW X
  LOG_DATA              90000000   00040000  00000000  00040000  R   


SEGMENT ALLOCATION MAP

run origin  load origin   length   init length attrs members
----------  ----------- ---------- ----------- ----- -------
20003000    20003000    00001000   00000000    rw-
  20003000    20003000    00001000   00000000    rw- .stack
20004000    20004000    00000040   00000040    r--
  20004000    20004000    00000040   00000040    r-- .resetVecs
20004040    20004040    00008000   00000000    rw-
  20004040    20004040    00008000   00000000    rw- .sysmem
2000c040    2000c040    00006624   00006624    r-x
  2000c040    2000c040    00006624   00006624    r-x .text
20012664    20012664    000005c0   00000000    rw-
  20012664    20012664    000005c0   00000000    rw- .data
20012c24    20012c24    0000051a   0000051a    r--
  20012c24    20012c24    0000051a   0000051a    r-- .const
20013140    20013140    000003d4   00000000    rw-
  20013140    20013140    000003d4   00000000    rw- .bss
20013518    20013518    000000f0   000000f0    r--
  20013518    20013518    000000f0   000000f0    r-- .cinit


SECTION ALLOCATION MAP

 output                                  attributes/
section   page    origin      length       input sections
--------  ----  ----------  ----------   ----------------
.text      0    2000c040    00006624     
                  2000c040    00000a4e     rtsv7M4_T_le_eabi.lib : _printfi.c.obj (.text:__TI_printfi)
                  2000ca8e    00000002     ti_drivers_config.obj (.text:Board_initHook)
                  2000ca90    0000042c     driverlib.a : prcm.obj (.text:PRCMCC3200MCUInit)
                  2000cebc    00000288     drivers_cc32xx.a : UARTCC32XX.oem4 (.text:UARTCC32XX_open)
                  2000d144    00000268     rtsv7M4_T_le_eabi.lib : _printfi.c.obj (.text:_pconv_a)
                  2000d3ac    00000250     gpiointerrupt.obj (.text:initI2C)
                  2000d5fc    000001e4     drivers_cc32xx.a : GPIOCC32XX.oem4 (.text:GPIO_setConfig)
                  2000d7e0    000001cc     rtsv7M4_T_le_eabi.lib : _printfi.c.obj (.text:_pconv_g)
                  2000d9ac    000001b6                           : fd_add_t2.asm.obj (.text)
                  2000db62    00000002     drivers_cc32xx.a : I2C.oem4 (.text:I2C_init)
                  2000db64    0000019c     nortos_cc32xx.a : PowerCC32XX_nortos.oem4 (.text:PowerCC32XX_sleepPolicy)
                  2000dd00    0000017c     gpiointerrupt.obj (.text:mainThread)
                  2000de7c    00000148     drivers_cc32xx.a : I2CCC32XX.oem4 (.text:I2CCC32XX_hwiFxn)
                  2000dfc4    00000148                      : PowerCC32XX.oem4 (.text:parkPins)
                  2000e10c    0000013c     rtsv7M4_T_le_eabi.lib : _printfi.c.obj (.text:_pconv_e)
                  2000e248    00000138     drivers_cc32xx.a : PowerCC32XX.oem4 (.text:Power_sleep)
                  2000e380    00000136     rtsv7M4_T_le_eabi.lib : fd_div_t2.asm.obj (.text)
                  2000e4b6    00000002     nortos_cc32xx.a : PowerCC32XX_nortos.oem4 (.text:PowerCC32XX_initPolicy)
                  2000e4b8    00000128     drivers_cc32xx.a : TimerCC32XX.oem4 (.text:TimerCC32XX_open)
                  2000e5e0    00000122                      : I2C.oem4 (.text:I2C_transferTimeout)
                  2000e702    00000002                      : TimerCC32XX.oem4 (.text:TimerCC32XX_init)
                  2000e704    00000120                      : UARTCC32XX.oem4 (.text:UARTCC32XX_close)
                  2000e824    00000120     rtsv7M4_T_le_eabi.lib : _printfi.c.obj (.text:fcvt)
                  2000e944    00000120     gpiointerrupt.obj (.text:readTemp)
                  2000ea64    00000100     rtsv7M4_T_le_eabi.lib : memory.c.obj (.text:aligned_alloc)
                  2000eb64    000000fc     drivers_cc32xx.a : I2CCC32XX.oem4 (.text:I2C_open)
                  2000ec60    000000fc     rtsv7M4_T_le_eabi.lib : fd_mul_t2.asm.obj (.text)
                  2000ed5c    000000f2     drivers_cc32xx.a : UARTCC32XX.oem4 (.text:UARTCC32XX_control)
                  2000ee4e    00000002                      : UARTCC32XX.oem4 (.text:UARTCC32XX_init)
                  2000ee50    000000e4     rtsv7M4_T_le_eabi.lib : memory.c.obj (.text:free)
                  2000ef34    000000d0                           : s_scalbn.c.obj (.text:scalbn)
                  2000f004    000000ca     drivers_cc32xx.a : UARTCC32XX.oem4 (.text:UARTCC32XX_write)
                  2000f0ce    00000002     rtsv7M4_T_le_eabi.lib : _lock.c.obj (.text:_nop)
                  2000f0d0    000000c4     drivers_cc32xx.a : GPIOCC32XX.oem4 (.text:GPIO_init)
                  2000f194    000000c0                      : PowerCC32XX.oem4 (.text:restoreParkedPins)
                  2000f254    000000ba                      : UARTCC32XX.oem4 (.text:UARTCC32XX_readPolling)
                  2000f30e    00000002     nortos_cc32xx.a : startup_cc32xx_ccs.oem4 (.text:busFaultHandler)
                  2000f310    000000b8     drivers_cc32xx.a : UARTCC32XX.oem4 (.text:initHw)
                  2000f3c8    000000b6                      : UARTCC32XX.oem4 (.text:readTaskCallback)
                  2000f47e    000000b2                      : I2CCC32XX.oem4 (.text:I2CCC32XX_completeTransfer)
                  2000f530    000000b1     rtsv7M4_T_le_eabi.lib : _printfi.c.obj (.text:_ltostr)
                  2000f5e1    00000001     --HOLE-- [fill = 0]
                  2000f5e2    000000b0     drivers_cc32xx.a : UARTCC32XX.oem4 (.text:readTaskBlocking)
                  2000f692    000000ae                      : UARTCC32XX.oem4 (.text:readIsrTextBlocking)
                  2000f740    000000a8                      : I2CCC32XX.oem4 (.text:I2CCC32XX_primeWriteBurst)
                  2000f7e8    000000a8     driverlib.a : interrupt.obj (.text:IntEnable)
                  2000f890    000000a8     drivers_cc32xx.a : PowerCC32XX.oem4 (.text:PowerCC32XX_configureWakeup)
                  2000f938    000000a2                      : UARTCC32XX.oem4 (.text:readIsrTextCallback)
                  2000f9da    000000a2                      : UARTCC32XX.oem4 (.text:writeData)
                  2000fa7c    000000a0     nortos_cc32xx.a : SemaphoreP_nortos.oem4 (.text:SemaphoreP_pend)
                  2000fb1c    0000009c     drivers_cc32xx.a : I2CCC32XX.oem4 (.text:I2CCC32XX_initHw)
                  2000fbb8    0000009c     rtsv7M4_T_le_eabi.lib : memcpy_t2.asm.obj (.text)
                  2000fc54    00000098     drivers_cc32xx.a : GPIOCC32XX.oem4 (.text:powerNotifyFxn)
                  2000fcec    00000096     rtsv7M4_T_le_eabi.lib : ull_div_t2.asm.obj (.text)
                  2000fd82    00000002     nortos_cc32xx.a : SemaphoreP_nortos.oem4 (.text:clkFxn)
                  2000fd84    00000090     drivers_cc32xx.a : PowerCC32XX.oem4 (.text:restoreNVICRegs)
                  2000fe14    0000008c     nortos_cc32xx.a : HwiPCC32XX_nortos.oem4 (.text:HwiP_construct)
                  2000fea0    00000088     driverlib.a : interrupt.obj (.text:IntPendSet)
                  2000ff28    00000088                 : pin.obj (.text:PinConfigSet)
                  2000ffb0    00000088     drivers_cc32xx.a : TimerCC32XX.oem4 (.text:TimerCC32XX_setPeriod)
                  20010038    00000086     rtsv7M4_T_le_eabi.lib : fd_cmp_t2.asm.obj (.text:__aeabi_cdcmple)
                  200100be    00000086                           : fd_cmp_t2.asm.obj (.text:__aeabi_cdrcmple)
                  20010144    00000084     drivers_cc32xx.a : PowerCC32XX.oem4 (.text:Power_init)
                  200101c8    00000084                      : PowerCC32XX.oem4 (.text:saveNVICRegs)
                  2001024c    00000080                      : PowerCC32XX.oem4 (.text:Power_setDependency)
                  200102cc    0000007c                      : UARTCC32XX.oem4 (.text:readIsrBinaryBlocking)
                  20010348    0000007a                      : I2CCC32XX.oem4 (.text:I2CCC32XX_primeReadBurst)
                  200103c2    0000007a     rtsv7M4_T_le_eabi.lib : fs_mul_t2.asm.obj (.text)
                  2001043c    0000007a                           : memset_t2.asm.obj (.text)
                  200104b6    00000002     nortos_cc32xx.a : startup_cc32xx_ccs.oem4 (.text:defaultHandler)
                  200104b8    00000078     drivers_cc32xx.a : GPIOCC32XX.oem4 (.text:GPIO_hwiIntFxn)
                  20010530    00000078                      : TimerCC32XX.oem4 (.text:TimerCC32XX_start)
                  200105a8    00000078                      : UARTCC32XX.oem4 (.text:readIsrBinaryCallback)
                  20010620    00000074                      : UARTCC32XX.oem4 (.text:UARTCC32XX_hwiIntFxn)
                  20010694    00000070     rtsv7M4_T_le_eabi.lib : memory.c.obj (.text:split)
                  20010704    0000006e                           : _printfi.c.obj (.text:_mcpy)
                  20010772    0000006a     drivers_cc32xx.a : I2CCC32XX.oem4 (.text:I2CSupport_primeTransfer)
                  200107dc    00000068     rtsv7M4_T_le_eabi.lib : copy_decompress_lzss.c.obj (.text:decompress:lzss:__TI_decompress_lzss)
                  20010844    00000066     drivers_cc32xx.a : UARTCC32XX.oem4 (.text:UARTCC32XX_writeCancel)
                  200108aa    00000002     nortos_cc32xx.a : startup_cc32xx_ccs.oem4 (.text:faultISR)
                  200108ac    00000064     drivers_cc32xx.a : GPIOCC32XX.oem4 (.text:GPIO_toggle)
                  20010910    00000064                      : PowerCC32XX.oem4 (.text:PowerCC32XX_setParkState)
                  20010974    00000062                      : UARTCC32XX.oem4 (.text:UARTCC32XX_writePolling)
                  200109d6    00000002     nortos_cc32xx.a : startup_cc32xx_ccs.oem4 (.text:nmiISR)
                  200109d8    00000060     driverlib.a : prcm.obj (.text:PRCMSysResetCauseGet)
                  20010a38    0000005c     drivers_cc32xx.a : GPIOCC32XX.oem4 (.text:GPIO_setCallback)
                  20010a94    0000005c     rtsv7M4_T_le_eabi.lib : s_frexp.c.obj (.text:frexp)
                  20010af0    0000005c     nortos_cc32xx.a : ClockPSysTick_nortos.oem4 (.text:sysTickInit)
                  20010b4c    00000058     drivers_cc32xx.a : GPIOCC32XX.oem4 (.text:GPIO_write)
                  20010ba4    00000058     driverlib.a : prcm.obj (.text:PRCMPeripheralReset)
                  20010bfc    00000058     drivers_cc32xx.a : PowerCC32XX.oem4 (.text:Power_releaseDependency)
                  20010c54    00000056                      : TimerCC32XX.oem4 (.text:TimerCC32XX_stop)
                  20010caa    00000056     rtsv7M4_T_le_eabi.lib : _printfi.c.obj (.text:_pconv_f)
                  20010d00    00000054                           : _ltoa.c.obj (.text:__TI_ltoa)
                  20010d54    00000054     gpiointerrupt.obj (.text:initTimer)
                  20010da8    00000054     drivers_cc32xx.a : UARTCC32XX.oem4 (.text:ringBufGet)
                  20010dfc    00000052                      : PowerCC32XX_asm.oem4 (.text:PowerCC32XX_resumeLPDS)
                  20010e4e    00000052     rtsv7M4_T_le_eabi.lib : _printfi.c.obj (.text:_ecpy)
                  20010ea0    00000052     drivers_cc32xx.a : TimerCC32XX.oem4 (.text:initHw)
                  20010ef2    00000002     rtsv7M4_T_le_eabi.lib : div0.asm.obj (.text)
                  20010ef4    00000050     nortos_cc32xx.a : ClockPSysTick_nortos.oem4 (.text:ClockP_sysTickHandler)
                  20010f44    00000050                     : SemaphoreP_nortos.oem4 (.text:SemaphoreP_construct)
                  20010f94    00000050     drivers_cc32xx.a : TimerCC32XX.oem4 (.text:TimerCC32XX_allocateTimerResource)
                  20010fe4    0000004c                      : GPIOCC32XX.oem4 (.text:GPIO_enableInt)
                  20011030    0000004c                      : I2CCC32XX.oem4 (.text:I2CCC32XX_readRecieveFifo)
                  2001107c    0000004c                      : PowerCC32XX.oem4 (.text:PowerCC32XX_parkPin)
                  200110c8    0000004c     rtsv7M4_T_le_eabi.lib : atoi.c.obj (.text:atoi)
                  20011114    0000004c     drivers_cc32xx.a : PowerCC32XX.oem4 (.text:restorePeriphClocks)
                  20011160    0000004c     rtsv7M4_T_le_eabi.lib : snprintf.c.obj (.text:snprintf)
                  200111ac    00000048     driverlib.a : flash.obj (.text:FlashDisable)
                  200111f4    00000048                 : prcm.obj (.text:PRCMLPDSEnter)
                  2001123c    00000048                 : prcm.obj (.text:PRCMPeripheralClkEnable)
                  20011284    00000048     drivers_cc32xx.a : PowerCC32XX.oem4 (.text:Power_releaseConstraint)
                  200112cc    00000048     rtsv7M4_T_le_eabi.lib : fd_toi_t2.asm.obj (.text)
                  20011314    00000046     drivers_cc32xx.a : RingBuf.oem4 (.text:RingBuf_put)
                  2001135a    00000046                      : TimerCC32XX.oem4 (.text:getPrescaler)
                  200113a0    00000044     nortos_cc32xx.a : ClockPSysTick_nortos.oem4 (.text:ClockP_stop)
                  200113e4    00000044     driverlib.a : prcm.obj (.text:PRCMLPDSRestoreInfoSet)
                  20011428    00000044     drivers_cc32xx.a : PowerCC32XX_asm.oem4 (.text:PowerCC32XX_enterLPDS)
                  2001146c    00000044     nortos_cc32xx.a : SemaphoreP_nortos.oem4 (.text:SemaphoreP_post)
                  200114b0    00000044                     : SwiP_nortos.oem4 (.text:SwiP_restore)
                  200114f4    00000044     drivers_cc32xx.a : Timer.oem4 (.text:Timer_init)
                  20011538    00000044                      : UART.oem4 (.text:UART_init)
                  2001157c    00000044     rtsv7M4_T_le_eabi.lib : autoinit.c.obj (.text:__TI_auto_init_nobinit_nopinit:__TI_auto_init_nobinit_nopinit)
                  200115c0    00000044     gpiointerrupt.obj (.text:initUART)
                  20011604    00000040     nortos_cc32xx.a : ClockPSysTick_nortos.oem4 (.text:ClockP_construct)
                  20011644    00000040     driverlib.a : pin.obj (.text:PinModeSet)
                  20011684    00000040     drivers_cc32xx.a : RingBuf.oem4 (.text:RingBuf_get)
                  200116c4    00000040                      : Timer.oem4 (.text:Timer_open)
                  20011704    00000040                      : UARTCC32XX.oem4 (.text:UARTCC32XX_read)
                  20011744    00000040                      : UART.oem4 (.text:UART_open)
                  20011784    0000003e     rtsv7M4_T_le_eabi.lib : _printfi.c.obj (.text:_fcpy)
                  200117c2    00000002     --HOLE-- [fill = 0]
                  200117c4    0000003c     nortos_cc32xx.a : ClockPSysTick_nortos.oem4 (.text:ClockP_destruct)
                  20011800    0000003c     drivers_cc32xx.a : PowerCC32XX.oem4 (.text:Power_setConstraint)
                  2001183c    0000003a                      : TimerCC32XX.oem4 (.text:TimerCC32XX_close)
                  20011876    0000003a     nortos_cc32xx.a : PowerCC32XX_nortos.oem4 (.text:getCountsRTC)
                  200118b0    00000038     drivers_cc32xx.a : GPIOCC32XX.oem4 (.text:GPIO_read)
                  200118e8    00000038     driverlib.a : prcm.obj (.text:PRCMLPDSEnterKeepDebugIf)
                  20011920    00000038     drivers_cc32xx.a : TimerCC32XX.oem4 (.text:TimerCC32XX_hwiIntFunction)
                  20011958    00000038     nortos_cc32xx.a : ClockPSysTick_nortos.oem4 (.text:addToList)
                  20011990    00000038                     : startup_cc32xx_ccs.oem4 (.text:initVectors)
                  200119c8    00000038     drivers_cc32xx.a : PowerCC32XX.oem4 (.text:notify)
                  20011a00    00000038     rtsv7M4_T_le_eabi.lib : fs_toi_t2.asm.obj (.text)
                  20011a38    00000038                           : i_tofs_t2.asm.obj (.text)
                  20011a70    00000036     driverlib.a : timer.obj (.text:TimerControlStall)
                  20011aa6    00000036     drivers_cc32xx.a : UARTCC32XX.oem4 (.text:UARTCC32XX_readCancel)
                  20011adc    00000034     nortos_cc32xx.a : ClockPSysTick_nortos.oem4 (.text:ClockP_getTicksUntilInterrupt)
                  20011b10    00000034                     : ClockPSysTick_nortos.oem4 (.text:ClockP_startup)
                  20011b44    00000034     driverlib.a : pin.obj (.text:PinModeGet)
                  20011b78    00000034     drivers_cc32xx.a : PowerCC32XX.oem4 (.text:PowerCC32XX_restoreParkState)
                  20011bac    00000034                      : TimerCC32XX.oem4 (.text:TimerCC32XX_freeTimerResource)
                  20011be0    00000034                      : TimerCC32XX.oem4 (.text:getPowerMgrId)
                  20011c14    00000030     nortos_cc32xx.a : ClockPSysTick_nortos.oem4 (.text:ClockP_start)
                  20011c44    00000030     drivers_cc32xx.a : PowerCC32XX.oem4 (.text:PowerCC32XX_restoreParkedPin)
                  20011c74    00000030     rtsv7M4_T_le_eabi.lib : snprintf.c.obj (.text:_outs)
                  20011ca4    0000002e                           : i_tofd_t2.asm.obj (.text)
                  20011cd2    00000002     --HOLE-- [fill = 0]
                  20011cd4    0000002c     drivers_cc32xx.a : PowerCC32XX.oem4 (.text:PowerCC32XX_getParkState)
                  20011d00    0000002a     nortos_cc32xx.a : HwiPCC32XX_nortos.oem4 (.text:HwiP_create)
                  20011d2a    0000002a     driverlib.a : timer.obj (.text:TimerLoadSet)
                  20011d54    0000002a                 : timer.obj (.text:TimerPrescaleSet)
                  20011d7e    00000028                 : i2c.obj (.text:I2CFIFODataPutNonBlocking)
                  20011da6    00000002     --HOLE-- [fill = 0]
                  20011da8    00000028                 : prcm.obj (.text:PRCMPeripheralClkDisable)
                  20011dd0    00000028     drivers_cc32xx.a : PowerCC32XX.oem4 (.text:Power_registerNotify)
                  20011df8    00000028     rtsv7M4_T_le_eabi.lib : memory.c.obj (.text:free_list_insert)
                  20011e20    00000026     driverlib.a : i2c.obj (.text:I2CFIFODataGetNonBlocking)
                  20011e46    00000026     drivers_cc32xx.a : I2C.oem4 (.text:I2C_cancel)
                  20011e6c    00000026                      : List.oem4 (.text:List_put)
                  20011e92    00000026                      : List.oem4 (.text:List_remove)
                  20011eb8    00000024     nortos_cc32xx.a : HwiPCC32XX_nortos.oem4 (.text:HwiP_dispatch)
                  20011edc    00000024     drivers_cc32xx.a : PowerCC32XX.oem4 (.text:PowerCC32XX_reset)
                  20011f00    00000024     rtsv7M4_T_le_eabi.lib : boot_cortex_m.c.obj (.text:_c_int00_noargs:_c_int00_noargs)
                  20011f24    00000022     driverlib.a : i2c.obj (.text:I2CMasterSlaveAddrSet)
                  20011f46    00000020     nortos_cc32xx.a : HwiPCC32XX_nortos.oem4 (.text:HwiP_destruct)
                  20011f66    00000002     --HOLE-- [fill = 0]
                  20011f68    00000020     drivers_cc32xx.a : PowerCC32XX.oem4 (.text:Power_unregisterNotify)
                  20011f88    00000020                      : RingBuf.oem4 (.text:RingBuf_peek)
                  20011fa8    00000020                      : UARTCC32XX.oem4 (.text:getPowerMgrId)
                  20011fc8    0000001e     driverlib.a : i2c.obj (.text:I2CMasterIntStatusEx)
                  20011fe6    0000001e     nortos_cc32xx.a : SemaphoreP_nortos.oem4 (.text:SemaphoreP_constructBinary)
                  20012004    0000001e     driverlib.a : timer.obj (.text:TimerDisable)
                  20012022    0000001e                 : timer.obj (.text:TimerEnable)
                  20012040    0000001c                 : pin.obj (.text:PinToPadGet)
                  2001205c    0000001c     nortos_cc32xx.a : SwiP_nortos.oem4 (.text:SwiP_disable)
                  20012078    0000001c     rtsv7M4_T_le_eabi.lib : copy_zero_init.c.obj (.text:decompress:ZI:__TI_zero_init_nomemset:__TI_zero_init_nomemset)
                  20012094    0000001c                           : memory.c.obj (.text:free_list_remove)
                  200120b0    0000001c                           : memccpy.c.obj (.text:memccpy)
                  200120cc    0000001a     nortos_cc32xx.a : ClockPSysTick_nortos.oem4 (.text:ClockP_create)
                  200120e6    0000001a                     : SemaphoreP_nortos.oem4 (.text:SemaphoreP_createBinary)
                  20012100    0000001a                     : startup_cc32xx_ccs.oem4 (.text:resetISR)
                  2001211a    00000018     driverlib.a : i2c.obj (.text:I2CMasterBusBusy)
                  20012132    00000018                 : i2c.obj (.text:I2CMasterIntDisableEx)
                  2001214a    00000018                 : i2c.obj (.text:I2CMasterIntEnableEx)
                  20012162    00000018                 : i2c.obj (.text:I2CRxFIFOFlush)
                  2001217a    00000018                 : i2c.obj (.text:I2CTxFIFOFlush)
                  20012192    00000002     --HOLE-- [fill = 0]
                  20012194    00000018     drivers_cc32xx.a : PowerCC32XX.oem4 (.text:Power_getTransitionLatency)
                  200121ac    00000018                      : PowerCC32XX.oem4 (.text:Power_idleFunc)
                  200121c4    00000018                      : TimerCC32XX.oem4 (.text:TimerCC32XX_getCount)
                  200121dc    00000018     driverlib.a : timer.obj (.text:TimerIntDisable)
                  200121f4    00000018                 : timer.obj (.text:TimerIntEnable)
                  2001220c    00000018                 : uart.obj (.text:UARTBusy)
                  20012224    00000018                 : uart.obj (.text:UARTIntEnable)
                  2001223c    00000018     drivers_cc32xx.a : UART.oem4 (.text:UART_Params_init)
                  20012254    00000018     rtsv7M4_T_le_eabi.lib : snprintf.c.obj (.text:_outc)
                  2001226c    00000018                           : ll_mul_t2.asm.obj (.text)
                  20012284    00000018     gpiointerrupt.obj (.text:timerCallback)
                  2001229c    00000016     driverlib.a : i2c.obj (.text:I2CMasterBurstLengthSet)
                  200122b2    00000016                 : prcm.obj (.text:PRCMHIBRegRead)
                  200122c8    00000016                 : prcm.obj (.text:PRCMHIBRegWrite)
                  200122de    00000016     nortos_cc32xx.a : SemaphoreP_nortos.oem4 (.text:SemaphoreP_create)
                  200122f4    00000016     rtsv7M4_T_le_eabi.lib : strchr.c.obj (.text:strchr)
                  2001230a    00000014     driverlib.a : cpu.obj (.text:CPUcpsid)
                  2001231e    00000002     --HOLE-- [fill = 0]
                  20012320    00000014     nortos_cc32xx.a : HwiPCC32XX_nortos.oem4 (.text:HwiP_inISR)
                  20012334    00000014     drivers_cc32xx.a : I2CCC32XX.oem4 (.text:I2CSupport_masterFinish)
                  20012348    00000014                      : I2C.oem4 (.text:I2C_transfer)
                  2001235c    00000014     driverlib.a : interrupt.obj (.text:IntVTableBaseSet)
                  20012370    00000014     drivers_cc32xx.a : PowerCC32XX.oem4 (.text:Power_disablePolicy)
                  20012384    00000014                      : PowerCC32XX.oem4 (.text:Power_getDependencyCount)
                  20012398    00000014                      : UARTCC32XX.oem4 (.text:releasePowerConstraint)
                  200123ac    00000014     rtsv7M4_T_le_eabi.lib : strlen.c.obj (.text:strlen)
                  200123c0    00000012     nortos_cc32xx.a : HwiPCC32XX_nortos.oem4 (.text:HwiP_Params_init)
                  200123d2    00000012     driverlib.a : i2c.obj (.text:I2CMasterIntClearEx)
                  200123e4    00000012     drivers_cc32xx.a : RingBuf.oem4 (.text:RingBuf_construct)
                  200123f6    00000012     driverlib.a : timer.obj (.text:TimerIntClear)
                  20012408    00000012     main_nortos.obj (.text:main)
                  2001241a    00000012     rtsv7M4_T_le_eabi.lib : wcslen.c.obj (.text:wcslen)
                  2001242c    00000010     ti_drivers_config.obj (.text:Board_init)
                  2001243c    00000010     nortos_cc32xx.a : ClockPSysTick_nortos.oem4 (.text:ClockP_add)
                  2001244c    00000010                     : ClockPSysTick_nortos.oem4 (.text:ClockP_delete)
                  2001245c    00000010                     : ClockPSysTick_nortos.oem4 (.text:ClockP_getCpuFreq)
                  2001246c    00000010                     : ClockPSysTick_nortos.oem4 (.text:ClockP_getSystemTicks)
                  2001247c    00000010                     : ClockPSysTick_nortos.oem4 (.text:ClockP_setTicks)
                  2001248c    00000010                     : HwiPCC32XX_nortos.oem4 (.text:HwiP_delete)
                  2001249c    00000010                     : HwiPCC32XX_nortos.oem4 (.text:HwiP_restore)
                  200124ac    00000010     driverlib.a : i2c.obj (.text:I2CFIFOStatus)
                  200124bc    00000010     drivers_cc32xx.a : I2C.oem4 (.text:I2C_Params_init)
                  200124cc    00000010                      : PowerCC32XX.oem4 (.text:Power_enablePolicy)
                  200124dc    00000010     nortos_cc32xx.a : SemaphoreP_nortos.oem4 (.text:SemaphoreP_Params_init)
                  200124ec    00000010     drivers_cc32xx.a : Timer.oem4 (.text:Timer_Params_init)
                  200124fc    00000010                      : UARTCC32XX.oem4 (.text:readBlockingTimeout)
                  2001250c    0000000e     nortos_cc32xx.a : HwiPCC32XX_nortos.oem4 (.text:HwiP_clearInterrupt)
                  2001251a    0000000e                     : HwiPCC32XX_nortos.oem4 (.text:HwiP_disable)
                  20012528    0000000e                     : HwiPCC32XX_nortos.oem4 (.text:HwiP_disableInterrupt)
                  20012536    0000000e                     : HwiPCC32XX_nortos.oem4 (.text:HwiP_enable)
                  20012544    0000000e                     : HwiPCC32XX_nortos.oem4 (.text:HwiP_enableInterrupt)
                  20012552    0000000e     drivers_cc32xx.a : I2CCC32XX.oem4 (.text:I2CCC32XX_updateReg)
                  20012560    0000000e                      : RingBuf.oem4 (.text:RingBuf_isFull)
                  2001256e    0000000e     rtsv7M4_T_le_eabi.lib : copy_decompress_none.c.obj (.text:decompress:none:__TI_decompress_none)
                  2001257c    0000000e     gpiointerrupt.obj (.text:gpioButtonFxn0)
                  2001258a    0000000c     drivers_cc32xx.a : I2CCC32XX.oem4 (.text:I2CCC32XX_postNotify)
                  20012596    00000002     --HOLE-- [fill = 0]
                  20012598    0000000c                      : PowerCC32XX.oem4 (.text:Power_getConstraintMask)
                  200125a4    0000000c     rtsv7M4_T_le_eabi.lib : s_copysign.c.obj (.text:copysign)
                  200125b0    0000000c     gpiointerrupt.obj (.text:gpioButtonFxn1)
                  200125bc    0000000c     drivers_cc32xx.a : TimerCC32XX.oem4 (.text:postNotifyFxn)
                  200125c8    0000000c                      : UARTCC32XX.oem4 (.text:postNotifyFxn)
                  200125d4    0000000a     nortos_cc32xx.a : ClockPSysTick_nortos.oem4 (.text:ClockP_Params_init)
                  200125de    0000000a                     : ClockPSysTick_nortos.oem4 (.text:ClockP_isActive)
                  200125e8    0000000a     driverlib.a : interrupt.obj (.text:IntMasterDisable)
                  200125f2    0000000a     drivers_cc32xx.a : Timer.oem4 (.text:Timer_getCount)
                  200125fc    0000000a                      : Timer.oem4 (.text:Timer_start)
                  20012606    0000000a                      : UART.oem4 (.text:UART_write)
                  20012610    00000008                      : I2CCC32XX.oem4 (.text:I2CCC32XX_blockingCallback)
                  20012618    00000008     rtsv7M4_T_le_eabi.lib : errno.c.obj (.text:__aeabi_errno_addr)
                  20012620    00000008                           : memory.c.obj (.text:malloc)
                  20012628    00000008     drivers_cc32xx.a : UARTCC32XX.oem4 (.text:readSemCallback)
                  20012630    00000008                      : UARTCC32XX.oem4 (.text:writeSemCallback)
                  20012638    00000006                      : I2CCC32XX.oem4 (.text:I2CSupport_powerRelConstraint)
                  2001263e    00000006                      : I2CCC32XX.oem4 (.text:I2CSupport_powerSetConstraint)
                  20012644    00000006                      : TimerCC32XX.oem4 (.text:TimerCC32XX_control)
                  2001264a    00000006     driverlib.a : utils.obj (.text:UtilsDelay)
                  20012650    00000004     nortos_cc32xx.a : ClockPSysTick_nortos.oem4 (.text:ClockP_setTimeout)
                  20012654    00000004                     : HwiPCC32XX_nortos.oem4 (.text:HwiP_post)
                  20012658    00000004                     : SemaphoreP_nortos.oem4 (.text:SemaphoreP_delete)
                  2001265c    00000004     rtsv7M4_T_le_eabi.lib : pre_init.c.obj (.text:_system_pre_init)
                  20012660    00000004                           : exit.c.obj (.text:abort:abort)

.const     0    20012c24    0000051a     
                  20012c24    00000101     rtsv7M4_T_le_eabi.lib : ctype.c.obj (.const:.string:_ctypes_)
                  20012d25    00000003     --HOLE-- [fill = 0]
                  20012d28    00000100     driverlib.a : pin.obj (.const:g_ulPinToPadMap)
                  20012e28    000000a8                 : prcm.obj (.const:PRCM_PeriphRegsList)
                  20012ed0    00000044     ti_drivers_config.obj (.const:PowerCC32XX_config)
                  20012f14    00000028     drivers_cc32xx.a : UARTCC32XX.oem4 (.const:UARTCC32XX_fxnTable)
                  20012f3c    00000024                      : UART.oem4 (.const:UART_defaultParams)
                  20012f60    00000024     ti_drivers_config.obj (.const:uartCC32XXHWAttrs0)
                  20012f84    00000021     drivers_cc32xx.a : GPIOCC32XX.oem4 (.const:.string:pinTable)
                  20012fa5    00000003     --HOLE-- [fill = 0]
                  20012fa8    00000020                      : TimerCC32XX.oem4 (.const:TimerCC32XX_fxnTable)
                  20012fc8    00000020                      : UARTCC32XX.oem4 (.const:staticFxnTable)
                  20012fe8    00000018     driverlib.a : interrupt.obj (.const:g_pulEnRegs)
                  20013000    00000018                 : interrupt.obj (.const:g_pulPendRegs)
                  20013018    00000018     gpiointerrupt.obj (.const:sensors)
                  20013030    00000014     ti_drivers_config.obj (.const:GPIOCC32XX_config)
                  20013044    00000014     drivers_cc32xx.a : GPIOCC32XX.oem4 (.const:gpioBaseAddresses)
                  20013058    00000014     ti_drivers_config.obj (.const:i2cCC32XXHWAttrs)
                  2001306c    00000014     drivers_cc32xx.a : UARTCC32XX.oem4 (.const:parityType)
                  20013080    00000014                      : GPIOCC32XX.oem4 (.const:powerResources)
                  20013094    00000010                      : I2C.oem4 (.const:I2C_defaultParams)
                  200130a4    00000010                      : I2CCC32XX.oem4 (.const:I2C_defaultParams)
                  200130b4    00000010                      : UARTCC32XX.oem4 (.const:dataLength)
                  200130c4    00000010     ti_drivers_config.obj (.const:timerCC32XXHWAttrs)
                  200130d4    0000000c     gpiointerrupt.obj (.const:.string)
                  200130e0    0000000c     ti_drivers_config.obj (.const:Timer_config)
                  200130ec    0000000c     ti_drivers_config.obj (.const:UART_config)
                  200130f8    0000000c     drivers_cc32xx.a : Timer.oem4 (.const:defaultParams)
                  20013104    00000009     ti_drivers_config.obj (.const)
                  2001310d    00000003     --HOLE-- [fill = 0]
                  20013110    00000008     ti_drivers_config.obj (.const:I2C_config)
                  20013118    00000008     drivers_cc32xx.a : GPIOCC32XX.oem4 (.const:outPinTypes)
                  20013120    00000008                      : UARTCC32XX.oem4 (.const:stopBits)
                  20013128    00000006                      : GPIOCC32XX.oem4 (.const:.string:interruptType)
                  2001312e    00000006                      : GPIOCC32XX.oem4 (.const:inPinTypes)
                  20013134    00000006                      : GPIOCC32XX.oem4 (.const:outPinStrengths)
                  2001313a    00000004                      : GPIOCC32XX.oem4 (.const:.string:portInterruptIds)

.cinit     0    20013518    000000f0     
                  20013518    000000ca     (.cinit..data.load) [load image, compression = lzss]
                  200135e2    00000002     --HOLE-- [fill = 0]
                  200135e4    0000000c     (__TI_handler_table)
                  200135f0    00000008     (.cinit..bss.load) [load image, compression = zero_init]
                  200135f8    00000010     (__TI_cinit_table)

.init_array 
*          0    20004000    00000000     UNINITIALIZED

.ramVecs   0    20000000    0000030c     NOLOAD SECTION
                  20000000    0000030c     nortos_cc32xx.a : startup_cc32xx_ccs.oem4 (.ramVecs)

.stack     0    20003000    00001000     UNINITIALIZED
                  20003000    00000004     rtsv7M4_T_le_eabi.lib : boot_cortex_m.c.obj (.stack)
                  20003004    00000ffc     --HOLE--

.resetVecs 
*          0    20004000    00000040     
                  20004000    00000040     nortos_cc32xx.a : startup_cc32xx_ccs.oem4 (.resetVecs:retain)

.sysmem    0    20004040    00008000     UNINITIALIZED
                  20004040    00000010     rtsv7M4_T_le_eabi.lib : memory.c.obj (.sysmem)
                  20004050    00007ff0     --HOLE--

.data      0    20012664    000005c0     UNINITIALIZED
                  20012664    0000030c     nortos_cc32xx.a : HwiPCC32XX_nortos.oem4 (.data:HwiP_dispatchTable)
                  20012970    0000016c     drivers_cc32xx.a : PowerCC32XX.oem4 (.data:PowerCC32XX_module)
                  20012adc    000000f8     ti_drivers_config.obj (.data:parkInfo)
                  20012bd4    0000000c     ti_drivers_config.obj (.data:gpioCallbackFunctions)
                  20012be0    0000000c     ti_drivers_config.obj (.data:gpioPinConfigs)
                  20012bec    00000009     drivers_cc32xx.a : GPIOCC32XX.oem4 (.data)
                  20012bf5    00000003     nortos_cc32xx.a : SemaphoreP_nortos.oem4 (.data)
                  20012bf8    00000008     rtsv7M4_T_le_eabi.lib : _lock.c.obj (.data:$O1$$)
                  20012c00    00000008                           : memory.c.obj (.data:$O1$$)
                  20012c08    00000008     nortos_cc32xx.a : SemaphoreP_nortos.oem4 (.data:SemaphoreP_defaultParams)
                  20012c10    00000008                     : HwiPCC32XX_nortos.oem4 (.data)
                  20012c18    00000005                     : ClockPSysTick_nortos.oem4 (.data)
                  20012c1d    00000001     drivers_cc32xx.a : Timer.oem4 (.data)
                  20012c1e    00000001                      : UART.oem4 (.data)
                  20012c1f    00000001     gpiointerrupt.obj (.data)
                  20012c20    00000004     rtsv7M4_T_le_eabi.lib : errno.c.obj (.data)

.bss       0    20013140    000003d4     UNINITIALIZED
                  20013140    0000012c     (.common:PowerCC32XX_contextSave)
                  2001326c    000000fc     (.common:i2cCC32XXObjects)
                  20013368    00000084     (.common:uartCC32XXObjects0)
                  200133ec    00000040     (.common:output)
                  2001342c    00000034     (.common:timerCC32XXObjects)
                  20013460    00000020     drivers_cc32xx.a : GPIOCC32XX.oem4 (.bss:gpioCallbackInfo)
                  20013480    00000020     ti_drivers_config.obj (.bss:uartCC32XXRingBuffer0)
                  200134a0    00000020     (.common:i2cTransaction)
                  200134c0    00000014     drivers_cc32xx.a : GPIOCC32XX.oem4 (.bss:powerNotifyObj)
                  200134d4    00000004                      : GPIOCC32XX.oem4 (.bss)
                  200134d8    00000010     (.common:ClockP_ctrl)
                  200134e8    0000000d     nortos_cc32xx.a : SwiP_nortos.oem4 (.bss)
                  200134f5    00000003     --HOLE--
                  200134f8    00000004                     : ClockPSysTick_nortos.oem4 (.bss)
                  200134fc    00000004     drivers_cc32xx.a : TimerCC32XX.oem4 (.bss:timerState)
                  20013500    00000004     (.common:i2c)
                  20013504    00000004     (.common:rxBuffer)
                  20013508    00000004     (.common:timer0)
                  2001350c    00000004     (.common:txBuffer)
                  20013510    00000004     (.common:uart)

.log_data 
*          0    90000000    00000000     COPY SECTION

__llvm_prf_cnts 
*          0    20004000    00000000     UNINITIALIZED

MODULE SUMMARY

       Module                       code    ro data   rw data
       ------                       ----    -------   -------
    .\
       gpiointerrupt.obj            1462    36        117    
       main_nortos.obj              18      0         0      
    +--+----------------------------+-------+---------+---------+
       Total:                       1480    36        117    
                                                             
    .\syscfg\
       ti_drivers_config.obj        18      201       740    
    +--+----------------------------+-------+---------+---------+
       Total:                       18      201       740    
                                                             
    C:/ti/simplelink_cc32xx_sdk_4_30_00_06/kernel/nortos/lib/ccs/m4/nortos_cc32xx.a
       HwiPCC32XX_nortos.oem4       394     0         788    
       startup_cc32xx_ccs.oem4      90      64        780    
       ClockPSysTick_nortos.oem4    702     0         25     
       PowerCC32XX_nortos.oem4      472     0         0      
       SemaphoreP_nortos.oem4       408     0         11     
       SwiP_nortos.oem4             96      0         13     
    +--+----------------------------+-------+---------+---------+
       Total:                       2162    64        1617   
                                                             
    C:/ti/simplelink_cc32xx_sdk_4_30_00_06/source/ti/devices/cc32xx/driverlib/ccs/Release/driverlib.a
       prcm.obj                     1604    168       0      
       pin.obj                      280     256       0      
       interrupt.obj                334     48        0      
       i2c.obj                      318     0         0      
       timer.obj                    264     0         0      
       flash.obj                    72      0         0      
       uart.obj                     48      0         0      
       cpu.obj                      20      0         0      
       utils.obj                    6       0         0      
    +--+----------------------------+-------+---------+---------+
       Total:                       2946    472       0      
                                                             
    C:/ti/simplelink_cc32xx_sdk_4_30_00_06/source/ti/drivers/lib/ccs/m4/drivers_cc32xx.a
       UARTCC32XX.oem4              3466    116       0      
       PowerCC32XX.oem4             2432    0         664    
       GPIOCC32XX.oem4              1364    103       65     
       I2CCC32XX.oem4               1452    16        0      
       TimerCC32XX.oem4             1132    32        4      
       I2C.oem4                     366     16        0      
       UART.oem4                    166     36        1      
       RingBuf.oem4                 198     0         0      
       Timer.oem4                   168     12        1      
       PowerCC32XX_asm.oem4         150     0         0      
       List.oem4                    76      0         0      
    +--+----------------------------+-------+---------+---------+
       Total:                       10970   331       735    
                                                             
    C:\ti\ccs1110\ccs\tools\compiler\ti-cgt-arm_20.2.6.LTS\lib\rtsv7M4_T_le_eabi.lib
       _printfi.c.obj               4835    0         0      
       memory.c.obj                 672     0         8      
       fd_add_t2.asm.obj            438     0         0      
       fd_div_t2.asm.obj            310     0         0      
       fd_cmp_t2.asm.obj            268     0         0      
       ctype.c.obj                  0       257       0      
       fd_mul_t2.asm.obj            252     0         0      
       s_scalbn.c.obj               208     0         0      
       memcpy_t2.asm.obj            156     0         0      
       ull_div_t2.asm.obj           150     0         0      
       snprintf.c.obj               148     0         0      
       fs_mul_t2.asm.obj            122     0         0      
       memset_t2.asm.obj            122     0         0      
       copy_decompress_lzss.c.obj   104     0         0      
       s_frexp.c.obj                92      0         0      
       _ltoa.c.obj                  84      0         0      
       atoi.c.obj                   76      0         0      
       fd_toi_t2.asm.obj            72      0         0      
       autoinit.c.obj               68      0         0      
       fs_toi_t2.asm.obj            56      0         0      
       i_tofs_t2.asm.obj            56      0         0      
       i_tofd_t2.asm.obj            46      0         0      
       boot_cortex_m.c.obj          36      0         0      
       copy_zero_init.c.obj         28      0         0      
       memccpy.c.obj                28      0         0      
       ll_mul_t2.asm.obj            24      0         0      
       strchr.c.obj                 22      0         0      
       strlen.c.obj                 20      0         0      
       wcslen.c.obj                 18      0         0      
       copy_decompress_none.c.obj   14      0         0      
       errno.c.obj                  8       0         4      
       s_copysign.c.obj             12      0         0      
       _lock.c.obj                  2       0         8      
       exit.c.obj                   4       0         0      
       pre_init.c.obj               4       0         0      
       div0.asm.obj                 2       0         0      
    +--+----------------------------+-------+---------+---------+
       Total:                       8557    257       20     
                                                             
       Heap:                        0       0         32768  
       Stack:                       0       0         4096   
       Linker Generated:            0       238       0      
    +--+----------------------------+-------+---------+---------+
       Grand Total:                 26133   1599      40093  


LINKER GENERATED COPY TABLES

__TI_cinit_table @ 200135f8 records: 2, size/record: 8, table size: 16
	.data: load addr=20013518, load size=000000ca bytes, run addr=20012664, run size=000005c0 bytes, compression=lzss
	.bss: load addr=200135f0, load size=00000008 bytes, run addr=20013140, run size=000003d4 bytes, compression=zero_init


LINKER GENERATED HANDLER TABLE

__TI_handler_table @ 200135e4 records: 3, size/record: 4, table size: 12
	index: 0, handler: __TI_decompress_lzss
	index: 1, handler: __TI_decompress_none
	index: 2, handler: __TI_zero_init


GLOBAL SYMBOLS: SORTED ALPHABETICALLY BY Name 

address   name                             
-------   ----                             
2001242d  Board_init                       
2000ca8f  Board_initHook                   
20012661  C$$EXIT                          
20013104  CONFIG_GPIO_BUTTON_0_CONST       
20013105  CONFIG_GPIO_BUTTON_1_CONST       
20013106  CONFIG_GPIO_LED_0_CONST          
20013107  CONFIG_I2C_0_CONST               
20013109  CONFIG_TIMER_0_CONST             
2001310b  CONFIG_UART_0_CONST              
2001230b  CPUcpsid                         
200125d5  ClockP_Params_init               
2001243d  ClockP_add                       
20011605  ClockP_construct                 
200120cd  ClockP_create                    
200134d8  ClockP_ctrl                      
2001244d  ClockP_delete                    
200117c5  ClockP_destruct                  
20010ef5  ClockP_doTick                    
2001245d  ClockP_getCpuFreq                
2001246d  ClockP_getSystemTicks            
20011add  ClockP_getTicksUntilInterrupt    
200125df  ClockP_isActive                  
2001247d  ClockP_setTicks                  
20012651  ClockP_setTimeout                
20011c15  ClockP_start                     
20011b11  ClockP_startup                   
200113a1  ClockP_stop                      
20010ef5  ClockP_sysTickHandler            
20012c18  ClockP_tickPeriod                
200111ad  FlashDisable                     
20013030  GPIOCC32XX_config                
20010fe5  GPIO_enableInt                   
200104b9  GPIO_hwiIntFxn                   
2000f0d1  GPIO_init                        
200118b1  GPIO_read                        
20010a39  GPIO_setCallback                 
2000d5fd  GPIO_setConfig                   
200108ad  GPIO_toggle                      
20010b4d  GPIO_write                       
200123c1  HwiP_Params_init                 
2001250d  HwiP_clearInterrupt              
2000fe15  HwiP_construct                   
20011d01  HwiP_create                      
2001248d  HwiP_delete                      
20011f47  HwiP_destruct                    
2001251b  HwiP_disable                     
20012529  HwiP_disableInterrupt            
20011eb9  HwiP_dispatch                    
20012537  HwiP_enable                      
20012545  HwiP_enableInterrupt             
20012321  HwiP_inISR                       
20012c10  HwiP_key                         
20012655  HwiP_post                        
2001249d  HwiP_restore                     
20012c14  HwiP_swiPIntNum                  
20011e21  I2CFIFODataGetNonBlocking        
20011d7f  I2CFIFODataPutNonBlocking        
200124ad  I2CFIFOStatus                    
2001229d  I2CMasterBurstLengthSet          
2001211b  I2CMasterBusBusy                 
200123d3  I2CMasterIntClearEx              
20012133  I2CMasterIntDisableEx            
2001214b  I2CMasterIntEnableEx             
20011fc9  I2CMasterIntStatusEx             
20011f25  I2CMasterSlaveAddrSet            
20012163  I2CRxFIFOFlush                   
20012335  I2CSupport_masterFinish          
20012639  I2CSupport_powerRelConstraint    
2001263f  I2CSupport_powerSetConstraint    
20010773  I2CSupport_primeTransfer         
2001217b  I2CTxFIFOFlush                   
200124bd  I2C_Params_init                  
20011e47  I2C_cancel                       
20013110  I2C_config                       
20013108  I2C_count                        
20013094  I2C_defaultParams                
2000db63  I2C_init                         
2000eb65  I2C_open                         
20012349  I2C_transfer                     
2000e5e1  I2C_transferTimeout              
UNDEFED   ITM_flush                        
UNDEFED   ITM_restore                      
2000f7e9  IntEnable                        
200125e9  IntMasterDisable                 
2000fea1  IntPendSet                       
2001235d  IntVTableBaseSet                 
20011e6d  List_put                         
20011e93  List_remove                      
20012537  NoRTOS_start                     
2000ca91  PRCMCC3200MCUInit                
200122b3  PRCMHIBRegRead                   
200122c9  PRCMHIBRegWrite                  
200111f5  PRCMLPDSEnter                    
200118e9  PRCMLPDSEnterKeepDebugIf         
200113e5  PRCMLPDSRestoreInfoSet           
20011da9  PRCMPeripheralClkDisable         
2001123d  PRCMPeripheralClkEnable          
20010ba5  PRCMPeripheralReset              
200109d9  PRCMSysResetCauseGet             
2000ff29  PinConfigSet                     
20011b45  PinModeGet                       
20011645  PinModeSet                       
20012041  PinToPadGet                      
20012ed0  PowerCC32XX_config               
2000f891  PowerCC32XX_configureWakeup      
20013140  PowerCC32XX_contextSave          
20011429  PowerCC32XX_enterLPDS            
20011cd5  PowerCC32XX_getParkState         
2000e4b7  PowerCC32XX_initPolicy           
20012970  PowerCC32XX_module               
2001107d  PowerCC32XX_parkPin              
20011edd  PowerCC32XX_reset                
20011b79  PowerCC32XX_restoreParkState     
20011c45  PowerCC32XX_restoreParkedPin     
20010dfd  PowerCC32XX_resumeLPDS           
20010911  PowerCC32XX_setParkState         
2000db65  PowerCC32XX_sleepPolicy          
20012371  Power_disablePolicy              
200124cd  Power_enablePolicy               
20012599  Power_getConstraintMask          
20012385  Power_getDependencyCount         
20012195  Power_getTransitionLatency       
200121ad  Power_idleFunc                   
20010145  Power_init                       
20011dd1  Power_registerNotify             
20011285  Power_releaseConstraint          
20010bfd  Power_releaseDependency          
20011801  Power_setConstraint              
2001024d  Power_setDependency              
2000e249  Power_sleep                      
20011f69  Power_unregisterNotify           
200123e5  RingBuf_construct                
20011685  RingBuf_get                      
20012561  RingBuf_isFull                   
20011f89  RingBuf_peek                     
20011315  RingBuf_put                      
200124dd  SemaphoreP_Params_init           
20010f45  SemaphoreP_construct             
20011fe7  SemaphoreP_constructBinary       
200122df  SemaphoreP_create                
200120e7  SemaphoreP_createBinary          
20012c08  SemaphoreP_defaultParams         
20012659  SemaphoreP_delete                
2000fa7d  SemaphoreP_pend                  
2001146d  SemaphoreP_post                  
2001205d  SwiP_disable                     
200114b1  SwiP_restore                     
20010f95  TimerCC32XX_allocateTimerResource
2001183d  TimerCC32XX_close                
20012645  TimerCC32XX_control              
20011bad  TimerCC32XX_freeTimerResource    
20012fa8  TimerCC32XX_fxnTable             
200121c5  TimerCC32XX_getCount             
2000e703  TimerCC32XX_init                 
2000e4b9  TimerCC32XX_open                 
2000ffb1  TimerCC32XX_setPeriod            
20010531  TimerCC32XX_start                
20010c55  TimerCC32XX_stop                 
20011a71  TimerControlStall                
20012005  TimerDisable                     
20012023  TimerEnable                      
20012c1f  TimerFlag                        
200123f7  TimerIntClear                    
200121dd  TimerIntDisable                  
200121f5  TimerIntEnable                   
20011d2b  TimerLoadSet                     
20011d55  TimerPrescaleSet                 
200124ed  Timer_Params_init                
200130e0  Timer_config                     
2001310a  Timer_count                      
200125f3  Timer_getCount                   
200114f5  Timer_init                       
200116c5  Timer_open                       
200125fd  Timer_start                      
2001220d  UARTBusy                         
2000e705  UARTCC32XX_close                 
2000ed5d  UARTCC32XX_control               
20012f14  UARTCC32XX_fxnTable              
2000ee4f  UARTCC32XX_init                  
2000cebd  UARTCC32XX_open                  
20011705  UARTCC32XX_read                  
20011aa7  UARTCC32XX_readCancel            
2000f255  UARTCC32XX_readPolling           
2000f005  UARTCC32XX_write                 
20010845  UARTCC32XX_writeCancel           
20010975  UARTCC32XX_writePolling          
20012225  UARTIntEnable                    
2001223d  UART_Params_init                 
200130ec  UART_config                      
2001310c  UART_count                       
20012f3c  UART_defaultParams               
20011539  UART_init                        
20011745  UART_open                        
20012607  UART_write                       
2001264b  UtilsDelay                       
20004000  __STACK_END                      
00001000  __STACK_SIZE                     
00008000  __SYSMEM_SIZE                    
200135f8  __TI_CINIT_Base                  
20013608  __TI_CINIT_Limit                 
200135e4  __TI_Handler_Table_Base          
200135f0  __TI_Handler_Table_Limit         
2001157d  __TI_auto_init_nobinit_nopinit   
200107dd  __TI_decompress_lzss             
2001256f  __TI_decompress_none             
20010d01  __TI_ltoa                        
ffffffff  __TI_pprof_out_hndl              
2000c041  __TI_printfi                     
ffffffff  __TI_prof_data_size              
ffffffff  __TI_prof_data_start             
20013518  __TI_static_base__               
20012079  __TI_zero_init_nomemset          
20010039  __aeabi_cdcmpeq                  
20010039  __aeabi_cdcmple                  
200100bf  __aeabi_cdrcmple                 
200112cd  __aeabi_d2iz                     
2000d9b7  __aeabi_dadd                     
2000e381  __aeabi_ddiv                     
2000ec61  __aeabi_dmul                     
2000d9ad  __aeabi_dsub                     
20012619  __aeabi_errno_addr               
20011a01  __aeabi_f2iz                     
200103c3  __aeabi_fmul                     
20011ca5  __aeabi_i2d                      
20011a39  __aeabi_i2f                      
20010ef3  __aeabi_idiv0                    
20010ef3  __aeabi_ldiv0                    
2001226d  __aeabi_lmul                     
2001043d  __aeabi_memclr                   
2001043d  __aeabi_memclr4                  
2001043d  __aeabi_memclr8                  
2000fbb9  __aeabi_memcpy                   
2000fbb9  __aeabi_memcpy4                  
2000fbb9  __aeabi_memcpy8                  
2001043f  __aeabi_memset                   
2001043f  __aeabi_memset4                  
2001043f  __aeabi_memset8                  
2000fced  __aeabi_uldivmod                 
ffffffff  __binit__                        
ffffffff  __c_args__                       
UNDEFED   __mpu_init                       
20003000  __stack                          
20004000  __start___llvm_prf_cnts          
20004000  __stop___llvm_prf_cnts           
20011f01  _c_int00_noargs                  
20012c24  _ctypes_                         
20012bf8  _lock                            
2000f0cf  _nop                             
20004040  _sys_memory                      
UNDEFED   _system_post_cinit               
2001265d  _system_pre_init                 
20012bfc  _unlock                          
20012661  abort                            
2000ea65  aligned_alloc                    
200110c9  atoi                             
ffffffff  binit                            
2000fd83  clkFxn                           
200125a5  copysign                         
200125a5  copysignl                        
20012c20  errno                            
2000ee51  free                             
20010a95  frexp                            
20010a95  frexpl                           
2001257d  gpioButtonFxn0                   
200125b1  gpioButtonFxn1                   
20012bd4  gpioCallbackFunctions            
20012be0  gpioPinConfigs                   
20013500  i2c                              
20013058  i2cCC32XXHWAttrs                 
2001326c  i2cCC32XXObjects                 
200134a0  i2cTransaction                   
2001312e  inPinTypes                       
2000d3ad  initI2C                          
20010d55  initTimer                        
200115c1  initUART                         
20011991  initVectors                      
2000ef35  ldexp                            
2000ef35  ldexpl                           
20012409  main                             
2000dd01  mainThread                       
20012621  malloc                           
2000ea65  memalign                         
200120b1  memccpy                          
2000fbb9  memcpy                           
20010445  memset                           
20013134  outPinStrengths                  
20013118  outPinTypes                      
200133ec  output                           
20012adc  parkInfo                         
2000e945  readTemp                         
20012101  resetISR                         
20012114  resetVectorAddr                  
20004000  resetVectors                     
20013504  rxBuffer                         
2000ef35  scalbn                           
2000ef35  scalbnl                          
20011161  snprintf                         
200122f5  strchr                           
200123ad  strlen                           
20013508  timer0                           
200130c4  timerCC32XXHWAttrs               
2001342c  timerCC32XXObjects               
20012285  timerCallback                    
2001350c  txBuffer                         
20013510  uart                             
20013368  uartCC32XXObjects0               
2001241b  wcslen                           


GLOBAL SYMBOLS: SORTED BY Symbol Address 

address   name                             
-------   ----                             
00001000  __STACK_SIZE                     
00008000  __SYSMEM_SIZE                    
20003000  __stack                          
20004000  __STACK_END                      
20004000  __start___llvm_prf_cnts          
20004000  __stop___llvm_prf_cnts           
20004000  resetVectors                     
20004040  _sys_memory                      
2000c041  __TI_printfi                     
2000ca8f  Board_initHook                   
2000ca91  PRCMCC3200MCUInit                
2000cebd  UARTCC32XX_open                  
2000d3ad  initI2C                          
2000d5fd  GPIO_setConfig                   
2000d9ad  __aeabi_dsub                     
2000d9b7  __aeabi_dadd                     
2000db63  I2C_init                         
2000db65  PowerCC32XX_sleepPolicy          
2000dd01  mainThread                       
2000e249  Power_sleep                      
2000e381  __aeabi_ddiv                     
2000e4b7  PowerCC32XX_initPolicy           
2000e4b9  TimerCC32XX_open                 
2000e5e1  I2C_transferTimeout              
2000e703  TimerCC32XX_init                 
2000e705  UARTCC32XX_close                 
2000e945  readTemp                         
2000ea65  aligned_alloc                    
2000ea65  memalign                         
2000eb65  I2C_open                         
2000ec61  __aeabi_dmul                     
2000ed5d  UARTCC32XX_control               
2000ee4f  UARTCC32XX_init                  
2000ee51  free                             
2000ef35  ldexp                            
2000ef35  ldexpl                           
2000ef35  scalbn                           
2000ef35  scalbnl                          
2000f005  UARTCC32XX_write                 
2000f0cf  _nop                             
2000f0d1  GPIO_init                        
2000f255  UARTCC32XX_readPolling           
2000f7e9  IntEnable                        
2000f891  PowerCC32XX_configureWakeup      
2000fa7d  SemaphoreP_pend                  
2000fbb9  __aeabi_memcpy                   
2000fbb9  __aeabi_memcpy4                  
2000fbb9  __aeabi_memcpy8                  
2000fbb9  memcpy                           
2000fced  __aeabi_uldivmod                 
2000fd83  clkFxn                           
2000fe15  HwiP_construct                   
2000fea1  IntPendSet                       
2000ff29  PinConfigSet                     
2000ffb1  TimerCC32XX_setPeriod            
20010039  __aeabi_cdcmpeq                  
20010039  __aeabi_cdcmple                  
200100bf  __aeabi_cdrcmple                 
20010145  Power_init                       
2001024d  Power_setDependency              
200103c3  __aeabi_fmul                     
2001043d  __aeabi_memclr                   
2001043d  __aeabi_memclr4                  
2001043d  __aeabi_memclr8                  
2001043f  __aeabi_memset                   
2001043f  __aeabi_memset4                  
2001043f  __aeabi_memset8                  
20010445  memset                           
200104b9  GPIO_hwiIntFxn                   
20010531  TimerCC32XX_start                
20010773  I2CSupport_primeTransfer         
200107dd  __TI_decompress_lzss             
20010845  UARTCC32XX_writeCancel           
200108ad  GPIO_toggle                      
20010911  PowerCC32XX_setParkState         
20010975  UARTCC32XX_writePolling          
200109d9  PRCMSysResetCauseGet             
20010a39  GPIO_setCallback                 
20010a95  frexp                            
20010a95  frexpl                           
20010b4d  GPIO_write                       
20010ba5  PRCMPeripheralReset              
20010bfd  Power_releaseDependency          
20010c55  TimerCC32XX_stop                 
20010d01  __TI_ltoa                        
20010d55  initTimer                        
20010dfd  PowerCC32XX_resumeLPDS           
20010ef3  __aeabi_idiv0                    
20010ef3  __aeabi_ldiv0                    
20010ef5  ClockP_doTick                    
20010ef5  ClockP_sysTickHandler            
20010f45  SemaphoreP_construct             
20010f95  TimerCC32XX_allocateTimerResource
20010fe5  GPIO_enableInt                   
2001107d  PowerCC32XX_parkPin              
200110c9  atoi                             
20011161  snprintf                         
200111ad  FlashDisable                     
200111f5  PRCMLPDSEnter                    
2001123d  PRCMPeripheralClkEnable          
20011285  Power_releaseConstraint          
200112cd  __aeabi_d2iz                     
20011315  RingBuf_put                      
200113a1  ClockP_stop                      
200113e5  PRCMLPDSRestoreInfoSet           
20011429  PowerCC32XX_enterLPDS            
2001146d  SemaphoreP_post                  
200114b1  SwiP_restore                     
200114f5  Timer_init                       
20011539  UART_init                        
2001157d  __TI_auto_init_nobinit_nopinit   
200115c1  initUART                         
20011605  ClockP_construct                 
20011645  PinModeSet                       
20011685  RingBuf_get                      
200116c5  Timer_open                       
20011705  UARTCC32XX_read                  
20011745  UART_open                        
200117c5  ClockP_destruct                  
20011801  Power_setConstraint              
2001183d  TimerCC32XX_close                
200118b1  GPIO_read                        
200118e9  PRCMLPDSEnterKeepDebugIf         
20011991  initVectors                      
20011a01  __aeabi_f2iz                     
20011a39  __aeabi_i2f                      
20011a71  TimerControlStall                
20011aa7  UARTCC32XX_readCancel            
20011add  ClockP_getTicksUntilInterrupt    
20011b11  ClockP_startup                   
20011b45  PinModeGet                       
20011b79  PowerCC32XX_restoreParkState     
20011bad  TimerCC32XX_freeTimerResource    
20011c15  ClockP_start                     
20011c45  PowerCC32XX_restoreParkedPin     
20011ca5  __aeabi_i2d                      
20011cd5  PowerCC32XX_getParkState         
20011d01  HwiP_create                      
20011d2b  TimerLoadSet                     
20011d55  TimerPrescaleSet                 
20011d7f  I2CFIFODataPutNonBlocking        
20011da9  PRCMPeripheralClkDisable         
20011dd1  Power_registerNotify             
20011e21  I2CFIFODataGetNonBlocking        
20011e47  I2C_cancel                       
20011e6d  List_put                         
20011e93  List_remove                      
20011eb9  HwiP_dispatch                    
20011edd  PowerCC32XX_reset                
20011f01  _c_int00_noargs                  
20011f25  I2CMasterSlaveAddrSet            
20011f47  HwiP_destruct                    
20011f69  Power_unregisterNotify           
20011f89  RingBuf_peek                     
20011fc9  I2CMasterIntStatusEx             
20011fe7  SemaphoreP_constructBinary       
20012005  TimerDisable                     
20012023  TimerEnable                      
20012041  PinToPadGet                      
2001205d  SwiP_disable                     
20012079  __TI_zero_init_nomemset          
200120b1  memccpy                          
200120cd  ClockP_create                    
200120e7  SemaphoreP_createBinary          
20012101  resetISR                         
20012114  resetVectorAddr                  
2001211b  I2CMasterBusBusy                 
20012133  I2CMasterIntDisableEx            
2001214b  I2CMasterIntEnableEx             
20012163  I2CRxFIFOFlush                   
2001217b  I2CTxFIFOFlush                   
20012195  Power_getTransitionLatency       
200121ad  Power_idleFunc                   
200121c5  TimerCC32XX_getCount             
200121dd  TimerIntDisable                  
200121f5  TimerIntEnable                   
2001220d  UARTBusy                         
20012225  UARTIntEnable                    
2001223d  UART_Params_init                 
2001226d  __aeabi_lmul                     
20012285  timerCallback                    
2001229d  I2CMasterBurstLengthSet          
200122b3  PRCMHIBRegRead                   
200122c9  PRCMHIBRegWrite                  
200122df  SemaphoreP_create                
200122f5  strchr                           
2001230b  CPUcpsid                         
20012321  HwiP_inISR                       
20012335  I2CSupport_masterFinish          
20012349  I2C_transfer                     
2001235d  IntVTableBaseSet                 
20012371  Power_disablePolicy              
20012385  Power_getDependencyCount         
200123ad  strlen                           
200123c1  HwiP_Params_init                 
200123d3  I2CMasterIntClearEx              
200123e5  RingBuf_construct                
200123f7  TimerIntClear                    
20012409  main                             
2001241b  wcslen                           
2001242d  Board_init                       
2001243d  ClockP_add                       
2001244d  ClockP_delete                    
2001245d  ClockP_getCpuFreq                
2001246d  ClockP_getSystemTicks            
2001247d  ClockP_setTicks                  
2001248d  HwiP_delete                      
2001249d  HwiP_restore                     
200124ad  I2CFIFOStatus                    
200124bd  I2C_Params_init                  
200124cd  Power_enablePolicy               
200124dd  SemaphoreP_Params_init           
200124ed  Timer_Params_init                
2001250d  HwiP_clearInterrupt              
2001251b  HwiP_disable                     
20012529  HwiP_disableInterrupt            
20012537  HwiP_enable                      
20012537  NoRTOS_start                     
20012545  HwiP_enableInterrupt             
20012561  RingBuf_isFull                   
2001256f  __TI_decompress_none             
2001257d  gpioButtonFxn0                   
20012599  Power_getConstraintMask          
200125a5  copysign                         
200125a5  copysignl                        
200125b1  gpioButtonFxn1                   
200125d5  ClockP_Params_init               
200125df  ClockP_isActive                  
200125e9  IntMasterDisable                 
200125f3  Timer_getCount                   
200125fd  Timer_start                      
20012607  UART_write                       
20012619  __aeabi_errno_addr               
20012621  malloc                           
20012639  I2CSupport_powerRelConstraint    
2001263f  I2CSupport_powerSetConstraint    
20012645  TimerCC32XX_control              
2001264b  UtilsDelay                       
20012651  ClockP_setTimeout                
20012655  HwiP_post                        
20012659  SemaphoreP_delete                
2001265d  _system_pre_init                 
20012661  C$$EXIT                          
20012661  abort                            
20012970  PowerCC32XX_module               
20012adc  parkInfo                         
20012bd4  gpioCallbackFunctions            
20012be0  gpioPinConfigs                   
20012bf8  _lock                            
20012bfc  _unlock                          
20012c08  SemaphoreP_defaultParams         
20012c10  HwiP_key                         
20012c14  HwiP_swiPIntNum                  
20012c18  ClockP_tickPeriod                
20012c1f  TimerFlag                        
20012c20  errno                            
20012c24  _ctypes_                         
20012ed0  PowerCC32XX_config               
20012f14  UARTCC32XX_fxnTable              
20012f3c  UART_defaultParams               
20012fa8  TimerCC32XX_fxnTable             
20013030  GPIOCC32XX_config                
20013058  i2cCC32XXHWAttrs                 
20013094  I2C_defaultParams                
200130c4  timerCC32XXHWAttrs               
200130e0  Timer_config                     
200130ec  UART_config                      
20013104  CONFIG_GPIO_BUTTON_0_CONST       
20013105  CONFIG_GPIO_BUTTON_1_CONST       
20013106  CONFIG_GPIO_LED_0_CONST          
20013107  CONFIG_I2C_0_CONST               
20013108  I2C_count                        
20013109  CONFIG_TIMER_0_CONST             
2001310a  Timer_count                      
2001310b  CONFIG_UART_0_CONST              
2001310c  UART_count                       
20013110  I2C_config                       
20013118  outPinTypes                      
2001312e  inPinTypes                       
20013134  outPinStrengths                  
20013140  PowerCC32XX_contextSave          
2001326c  i2cCC32XXObjects                 
20013368  uartCC32XXObjects0               
200133ec  output                           
2001342c  timerCC32XXObjects               
200134a0  i2cTransaction                   
200134d8  ClockP_ctrl                      
20013500  i2c                              
20013504  rxBuffer                         
20013508  timer0                           
2001350c  txBuffer                         
20013510  uart                             
20013518  __TI_static_base__               
200135e4  __TI_Handler_Table_Base          
200135f0  __TI_Handler_Table_Limit         
200135f8  __TI_CINIT_Base                  
20013608  __TI_CINIT_Limit                 
ffffffff  __TI_pprof_out_hndl              
ffffffff  __TI_prof_data_size              
ffffffff  __TI_prof_data_start             
ffffffff  __binit__                        
ffffffff  __c_args__                       
ffffffff  binit                            
UNDEFED   ITM_flush                        
UNDEFED   ITM_restore                      
UNDEFED   __mpu_init                       
UNDEFED   _system_post_cinit               

[307 symbols]
